// Jest Snapshot v1, https://goo.gl/fbAQLP

exports[`<App /> should match snapshot 1`] = `
ReactWrapper {
  "length": 1,
  Symbol(enzyme.__unrendered__): <App />,
  Symbol(enzyme.__renderer__): Object {
    "batchedUpdates": [Function],
    "getNode": [Function],
    "render": [Function],
    "simulateEvent": [Function],
    "unmount": [Function],
  },
  Symbol(enzyme.__root__): [Circular],
  Symbol(enzyme.__node__): Object {
    "instance": null,
    "key": undefined,
    "nodeType": "function",
    "props": Object {},
    "ref": null,
    "rendered": Object {
      "instance": <div>
        <p>
          Hello World!
        </p>
      </div>,
      "key": undefined,
      "nodeType": "host",
      "props": Object {
        "children": <p>
          Hello World!
        </p>,
        "className": undefined,
      },
      "ref": null,
      "rendered": Array [
        Object {
          "instance": <p>
            Hello World!
          </p>,
          "key": undefined,
          "nodeType": "host",
          "props": Object {
            "children": "Hello World!",
          },
          "ref": null,
          "rendered": Array [
            "Hello World!",
          ],
          "type": "p",
        },
      ],
      "type": "div",
    },
    "type": [Function],
  },
  Symbol(enzyme.__nodes__): Array [
    Object {
      "instance": null,
      "key": undefined,
      "nodeType": "function",
      "props": Object {},
      "ref": null,
      "rendered": Object {
        "instance": <div>
          <p>
            Hello World!
          </p>
        </div>,
        "key": undefined,
        "nodeType": "host",
        "props": Object {
          "children": <p>
            Hello World!
          </p>,
          "className": undefined,
        },
        "ref": null,
        "rendered": Array [
          Object {
            "instance": <p>
              Hello World!
            </p>,
            "key": undefined,
            "nodeType": "host",
            "props": Object {
              "children": "Hello World!",
            },
            "ref": null,
            "rendered": Array [
              "Hello World!",
            ],
            "type": "p",
          },
        ],
        "type": "div",
      },
      "type": [Function],
    },
  ],
  Symbol(enzyme.__options__): Object {
    "adapter": ReactSixteenAdapter {
      "options": Object {
        "enableComponentDidUpdateOnSetState": true,
      },
    },
  },
}
`;
